// Jest Snapshot v1, https://goo.gl/fbAQLP

exports[`breadcrumb.hbs should compile 1`] = `"[breadcrumb] > [name](../url)"`;
