// Jest Snapshot v1, https://goo.gl/fbAQLP

exports[`members.group.hbs should compile 1`] = `
"## Variables

[member]

[member]

[member]"
`;
