// Jest Snapshot v1, https://goo.gl/fbAQLP

exports[`[partial] member.indexSignatures should compile 1`] = `
"[index: [type]]:

[type]

[comment]"
`;
