// Jest Snapshot v1, https://goo.gl/fbAQLP

exports[`member.declaration.title.hbs should compile 1`] = `"**‚óè numbers**: *[type]* = [1, 2, 3]"`;
